exports[`test <Tab /> renders correctly 1`] = `
<Text>
  1
</Text>
`;
