exports[`buildStack() util buildStack() creates correctly render method 1`] = `
<Text
  accessible={true}
  allowFontScaling={true}
  ellipsizeMode="tail">
  /
</Text>
`;
